// Jest Snapshot v1, https://goo.gl/fbAQLP

exports[`App snapshot renders the loading screen 1`] = `
<RCTSafeAreaView
  style={
    Object {
      "flex": 1,
    }
  }
>
  <View
    collapsable={false}
    style={
      Array [
        Object {
          "flex": 1,
          "overflow": "hidden",
        },
        undefined,
      ]
    }
  >
    <View
      onLayout={[Function]}
      style={
        Object {
          "flex": 1,
        }
      }
    />
    <View
      style={
        Object {
          "backgroundColor": "#f5f7f9",
          "borderTopWidth": 0.4,
          "elevation": 4,
          "height": 60,
          "padding": 5,
          "shadowColor": "black",
          "shadowOffset": Object {
            "height": 0.5,
          },
          "shadowOpacity": 0.1,
          "shadowRadius": 0.5,
          "zIndex": 1,
        }
      }
    >
      <View
        pointerEvents="none"
        style={
          Object {
            "bottom": 0,
            "left": 0,
            "position": "absolute",
            "right": 0,
            "top": 0,
          }
        }
      >
        <View
          style={
            Object {
              "backgroundColor": "#F5A623",
              "bottom": 0,
              "height": 0,
              "left": 0,
              "position": "absolute",
              "right": 0,
              "transform": Array [
                Object {
                  "translateX": 0,
                },
              ],
              "width": 0,
            }
          }
        />
      </View>
      <View
        style={
          Object {
            "overflow": "scroll",
          }
        }
      />
    </View>
  </View>
</RCTSafeAreaView>
`;

exports[`App snapshot renders the root without loading screen 1`] = `
<RCTSafeAreaView
  style={
    Object {
      "flex": 1,
    }
  }
>
  <View
    collapsable={false}
    style={
      Array [
        Object {
          "flex": 1,
          "overflow": "hidden",
        },
        undefined,
      ]
    }
  >
    <View
      onLayout={[Function]}
      style={
        Object {
          "flex": 1,
        }
      }
    />
    <View
      style={
        Object {
          "backgroundColor": "#f5f7f9",
          "borderTopWidth": 0.4,
          "elevation": 4,
          "height": 60,
          "padding": 5,
          "shadowColor": "black",
          "shadowOffset": Object {
            "height": 0.5,
          },
          "shadowOpacity": 0.1,
          "shadowRadius": 0.5,
          "zIndex": 1,
        }
      }
    >
      <View
        pointerEvents="none"
        style={
          Object {
            "bottom": 0,
            "left": 0,
            "position": "absolute",
            "right": 0,
            "top": 0,
          }
        }
      >
        <View
          style={
            Object {
              "backgroundColor": "#F5A623",
              "bottom": 0,
              "height": 0,
              "left": 0,
              "position": "absolute",
              "right": 0,
              "transform": Array [
                Object {
                  "translateX": 0,
                },
              ],
              "width": 0,
            }
          }
        />
      </View>
      <View
        style={
          Object {
            "overflow": "scroll",
          }
        }
      />
    </View>
  </View>
</RCTSafeAreaView>
`;
